
[setup] =================================================================
[setup] 2025-12-12T23:50:58Z Start
[setup] =================================================================
[setup] 2025-12-12T23:50:58Z Repo root: /root/animica
[setup] 2025-12-12T23:50:58Z Venv: /root/animica/.venv
[setup] 2025-12-12T23:50:58Z Log: /root/animica/logs/setup_20251212_235058.log
[setup] 2025-12-12T23:50:58Z Detected OS: Ubuntu 24.04.3 LTS

[setup] =================================================================
[setup] 2025-12-12T23:50:58Z Cleaning
[setup] =================================================================
[setup] 2025-12-12T23:50:58Z Removing venv: /root/animica/.venv

[setup] =================================================================
[setup] 2025-12-12T23:50:58Z OS packages
[setup] =================================================================
Hit:1 https://deb.nodesource.com/node_20.x nodistro InRelease
Hit:2 https://download.docker.com/linux/ubuntu noble InRelease
Hit:3 http://archive.ubuntu.com/ubuntu noble InRelease
Hit:4 http://archive.ubuntu.com/ubuntu noble-updates InRelease
Hit:5 http://security.ubuntu.com/ubuntu noble-security InRelease
Hit:6 http://archive.ubuntu.com/ubuntu noble-backports InRelease
Reading package lists...
Reading package lists...
Building dependency tree...
Reading state information...
ca-certificates is already the newest version (20240203).
curl is already the newest version (8.5.0-2ubuntu10.6).
git is already the newest version (1:2.43.0-1ubuntu7.3).
jq is already the newest version (1.7.1-3ubuntu0.24.04.1).
build-essential is already the newest version (12.10ubuntu1).
pkg-config is already the newest version (1.8.1-2build1).
cmake is already the newest version (3.28.3-1build7).
ninja-build is already the newest version (1.11.1-2).
libssl-dev is already the newest version (3.0.13-0ubuntu3.6).
libffi-dev is already the newest version (3.4.6-1build1).
python3 is already the newest version (3.12.3-0ubuntu2.1).
python3-venv is already the newest version (3.12.3-0ubuntu2.1).
python3-dev is already the newest version (3.12.3-0ubuntu2.1).
python3-pip is already the newest version (24.0+dfsg-1ubuntu1.3).
patchelf is already the newest version (0.18.0-1.1build1).
0 upgraded, 0 newly installed, 0 to remove and 2 not upgraded.
Reading package lists...
Building dependency tree...
Reading state information...
E: Unable to locate package liboqs-dev
[setup] 2025-12-12T23:51:04Z WARN: liboqs-dev not available via apt (expected on some Ubuntu versions). Will build liboqs from source.

[setup] =================================================================
[setup] 2025-12-12T23:51:04Z Python
[setup] =================================================================
[setup] 2025-12-12T23:51:04Z Using: Python 3.12.3

[setup] =================================================================
[setup] 2025-12-12T23:51:04Z Virtualenv
[setup] =================================================================
[setup] 2025-12-12T23:51:04Z Creating venv: /root/animica/.venv
[setup] 2025-12-12T23:51:09Z Activated venv: /root/animica/.venv
Requirement already satisfied: pip in ./.venv/lib/python3.12/site-packages (24.0)
Collecting pip
  Using cached pip-25.3-py3-none-any.whl.metadata (4.7 kB)
Collecting setuptools
  Using cached setuptools-80.9.0-py3-none-any.whl.metadata (6.6 kB)
Collecting wheel
  Using cached wheel-0.45.1-py3-none-any.whl.metadata (2.3 kB)
Using cached pip-25.3-py3-none-any.whl (1.8 MB)
Using cached setuptools-80.9.0-py3-none-any.whl (1.2 MB)
Using cached wheel-0.45.1-py3-none-any.whl (72 kB)
Installing collected packages: wheel, setuptools, pip
  Attempting uninstall: pip
    Found existing installation: pip 24.0
    Uninstalling pip-24.0:
      Successfully uninstalled pip-24.0
Successfully installed pip-25.3 setuptools-80.9.0 wheel-0.45.1

[setup] =================================================================
[setup] 2025-12-12T23:51:13Z Make repo importable (pth)
[setup] =================================================================
[setup] 2025-12-12T23:51:13Z site-packages: /root/animica/.venv/lib/python3.12/site-packages
[setup] 2025-12-12T23:51:13Z Wrote: /root/animica/.venv/lib/python3.12/site-packages/animica_repo_root.pth -> /root/animica

[setup] =================================================================
[setup] 2025-12-12T23:51:13Z Dynamic loader paths
[setup] =================================================================
[setup] 2025-12-12T23:51:13Z Patched venv activate with LD_LIBRARY_PATH/LIBOQS_PATH/OQS_INSTALL_PATH

[setup] =================================================================
[setup] 2025-12-12T23:51:13Z liboqs build (source)
[setup] =================================================================
[setup] 2025-12-12T23:51:13Z liboqs already present; skipping source build (set FORCE_BUILD_LIBOQS=1 to rebuild).

[setup] =================================================================
[setup] 2025-12-12T23:51:13Z liboqs-python (oqs) install
[setup] =================================================================
Already up to date.
Processing /root/animica/.deps/liboqs-python
  Installing build dependencies: started
  Installing build dependencies: finished with status 'done'
  Getting requirements to build wheel: started
  Getting requirements to build wheel: finished with status 'done'
  Preparing metadata (pyproject.toml): started
  Preparing metadata (pyproject.toml): finished with status 'done'
Building wheels for collected packages: liboqs-python
  Building wheel for liboqs-python (pyproject.toml): started
  Building wheel for liboqs-python (pyproject.toml): finished with status 'done'
  Created wheel for liboqs-python: filename=liboqs_python-0.14.0-py3-none-any.whl size=18100 sha256=80a1bc77de39a08fde32f43bdfc645f336c31de2c1694510de87b5dc6dc5c3cc
  Stored in directory: /tmp/pip-ephem-wheel-cache-kmt34op1/wheels/0b/5a/77/8ba63c336b2c0b129cf7a48e57212addb65f1ccd08785af4a0
Successfully built liboqs-python
Installing collected packages: liboqs-python
Successfully installed liboqs-python-0.14.0
liboqs-python faulthandler is disabled
/root/animica/.venv/lib/python3.12/site-packages/oqs/__init__.py:1: UserWarning: liboqs version (major, minor) 0.15.0 differs from liboqs-python version 0.14.0
  from oqs.oqs import (
enabled_sig_mechanisms_count = 221
sample = ('ML-DSA-44', 'ML-DSA-65', 'ML-DSA-87', 'Falcon-512', 'Falcon-1024', 'Falcon-padded-512', 'Falcon-padded-1024', 'SPHINCS+-SHA2-128f-simple', 'SPHINCS+-SHA2-128s-simple', 'SPHINCS+-SHA2-192f-simple', 'SPHINCS+-SHA2-192s-simple', 'SPHINCS+-SHA2-256f-simple')
has_dilithium = False
has_ml_dsa    = True
[setup] 2025-12-12T23:51:16Z oqs OK (PQ mechanisms enabled).

[setup] =================================================================
[setup] 2025-12-12T23:51:16Z Python deps (explicit, defensive)
[setup] =================================================================
Collecting typer
  Using cached typer-0.20.0-py3-none-any.whl.metadata (16 kB)
Collecting rich
  Using cached rich-14.2.0-py3-none-any.whl.metadata (18 kB)
Collecting requests
  Using cached requests-2.32.5-py3-none-any.whl.metadata (4.9 kB)
Collecting httpx
  Using cached httpx-0.28.1-py3-none-any.whl.metadata (7.1 kB)
Collecting cbor2
  Using cached cbor2-5.7.1-cp312-cp312-manylinux2014_x86_64.manylinux_2_17_x86_64.manylinux_2_28_x86_64.whl.metadata (5.4 kB)
Collecting pyyaml
  Using cached pyyaml-6.0.3-cp312-cp312-manylinux2014_x86_64.manylinux_2_17_x86_64.manylinux_2_28_x86_64.whl.metadata (2.4 kB)
Collecting python-dotenv
  Using cached python_dotenv-1.2.1-py3-none-any.whl.metadata (25 kB)
Collecting cryptography
  Using cached cryptography-46.0.3-cp311-abi3-manylinux_2_34_x86_64.whl.metadata (5.7 kB)
Collecting click>=8.0.0 (from typer)
  Using cached click-8.3.1-py3-none-any.whl.metadata (2.6 kB)
Collecting typing-extensions>=3.7.4.3 (from typer)
  Using cached typing_extensions-4.15.0-py3-none-any.whl.metadata (3.3 kB)
Collecting shellingham>=1.3.0 (from typer)
  Using cached shellingham-1.5.4-py2.py3-none-any.whl.metadata (3.5 kB)
Collecting markdown-it-py>=2.2.0 (from rich)
  Using cached markdown_it_py-4.0.0-py3-none-any.whl.metadata (7.3 kB)
Collecting pygments<3.0.0,>=2.13.0 (from rich)
  Using cached pygments-2.19.2-py3-none-any.whl.metadata (2.5 kB)
Collecting charset_normalizer<4,>=2 (from requests)
  Using cached charset_normalizer-3.4.4-cp312-cp312-manylinux2014_x86_64.manylinux_2_17_x86_64.manylinux_2_28_x86_64.whl.metadata (37 kB)
Collecting idna<4,>=2.5 (from requests)
  Using cached idna-3.11-py3-none-any.whl.metadata (8.4 kB)
Collecting urllib3<3,>=1.21.1 (from requests)
  Using cached urllib3-2.6.2-py3-none-any.whl.metadata (6.6 kB)
Collecting certifi>=2017.4.17 (from requests)
  Using cached certifi-2025.11.12-py3-none-any.whl.metadata (2.5 kB)
Collecting anyio (from httpx)
  Using cached anyio-4.12.0-py3-none-any.whl.metadata (4.3 kB)
Collecting httpcore==1.* (from httpx)
  Using cached httpcore-1.0.9-py3-none-any.whl.metadata (21 kB)
Collecting h11>=0.16 (from httpcore==1.*->httpx)
  Using cached h11-0.16.0-py3-none-any.whl.metadata (8.3 kB)
Collecting cffi>=2.0.0 (from cryptography)
  Using cached cffi-2.0.0-cp312-cp312-manylinux2014_x86_64.manylinux_2_17_x86_64.whl.metadata (2.6 kB)
Collecting pycparser (from cffi>=2.0.0->cryptography)
  Using cached pycparser-2.23-py3-none-any.whl.metadata (993 bytes)
Collecting mdurl~=0.1 (from markdown-it-py>=2.2.0->rich)
  Using cached mdurl-0.1.2-py3-none-any.whl.metadata (1.6 kB)
Using cached typer-0.20.0-py3-none-any.whl (47 kB)
Using cached rich-14.2.0-py3-none-any.whl (243 kB)
Using cached pygments-2.19.2-py3-none-any.whl (1.2 MB)
Using cached requests-2.32.5-py3-none-any.whl (64 kB)
Using cached charset_normalizer-3.4.4-cp312-cp312-manylinux2014_x86_64.manylinux_2_17_x86_64.manylinux_2_28_x86_64.whl (153 kB)
Using cached idna-3.11-py3-none-any.whl (71 kB)
Using cached urllib3-2.6.2-py3-none-any.whl (131 kB)
Using cached httpx-0.28.1-py3-none-any.whl (73 kB)
Using cached httpcore-1.0.9-py3-none-any.whl (78 kB)
Using cached cbor2-5.7.1-cp312-cp312-manylinux2014_x86_64.manylinux_2_17_x86_64.manylinux_2_28_x86_64.whl (285 kB)
Using cached pyyaml-6.0.3-cp312-cp312-manylinux2014_x86_64.manylinux_2_17_x86_64.manylinux_2_28_x86_64.whl (807 kB)
Using cached python_dotenv-1.2.1-py3-none-any.whl (21 kB)
Using cached cryptography-46.0.3-cp311-abi3-manylinux_2_34_x86_64.whl (4.5 MB)
Using cached certifi-2025.11.12-py3-none-any.whl (159 kB)
Using cached cffi-2.0.0-cp312-cp312-manylinux2014_x86_64.manylinux_2_17_x86_64.whl (219 kB)
Using cached click-8.3.1-py3-none-any.whl (108 kB)
Using cached h11-0.16.0-py3-none-any.whl (37 kB)
Using cached markdown_it_py-4.0.0-py3-none-any.whl (87 kB)
Using cached mdurl-0.1.2-py3-none-any.whl (10.0 kB)
Using cached shellingham-1.5.4-py2.py3-none-any.whl (9.8 kB)
Using cached typing_extensions-4.15.0-py3-none-any.whl (44 kB)
Using cached anyio-4.12.0-py3-none-any.whl (113 kB)
Using cached pycparser-2.23-py3-none-any.whl (118 kB)
Installing collected packages: urllib3, typing-extensions, shellingham, pyyaml, python-dotenv, pygments, pycparser, mdurl, idna, h11, click, charset_normalizer, certifi, cbor2, requests, markdown-it-py, httpcore, cffi, anyio, rich, httpx, cryptography, typer

ERROR: pip's dependency resolver does not currently take into account all the packages that are installed. This behaviour is the source of the following dependency conflicts.
animica 0.1.0 requires respx>=0.21.0, which is not installed.
Successfully installed anyio-4.12.0 cbor2-5.7.1 certifi-2025.11.12 cffi-2.0.0 charset_normalizer-3.4.4 click-8.3.1 cryptography-46.0.3 h11-0.16.0 httpcore-1.0.9 httpx-0.28.1 idna-3.11 markdown-it-py-4.0.0 mdurl-0.1.2 pycparser-2.23 pygments-2.19.2 python-dotenv-1.2.1 pyyaml-6.0.3 requests-2.32.5 rich-14.2.0 shellingham-1.5.4 typer-0.20.0 typing-extensions-4.15.0 urllib3-2.6.2

[setup] =================================================================
[setup] 2025-12-12T23:51:24Z Install local pq package (fix 'No module named pq')
[setup] =================================================================
Obtaining file:///root/animica/pq
  Installing build dependencies: started
  Installing build dependencies: finished with status 'done'
  Checking if build backend supports build_editable: started
  Checking if build backend supports build_editable: finished with status 'done'
  Getting requirements to build editable: started
  Getting requirements to build editable: finished with status 'done'
  Preparing editable metadata (pyproject.toml): started
  Preparing editable metadata (pyproject.toml): finished with status 'done'
Building wheels for collected packages: animica-pq
  Building editable for animica-pq (pyproject.toml): started
  Building editable for animica-pq (pyproject.toml): finished with status 'done'
  Created wheel for animica-pq: filename=animica_pq-0.1.0-0.editable-py3-none-any.whl size=8410 sha256=5ce1fe2c606f2bd30a4bbad0ebcf50957abeee1d4ac45f7afd4ff85524697c8a
  Stored in directory: /tmp/pip-ephem-wheel-cache-71crw58e/wheels/51/34/2a/a7831d3f09dcbab4ce2ba0ad5c93159497a72f0c35c7444d05
Successfully built animica-pq
Installing collected packages: animica-pq
Successfully installed animica-pq-0.1.0
[setup] 2025-12-12T23:51:27Z Installed ./pq

[setup] =================================================================
[setup] 2025-12-12T23:51:27Z Install Animica (editable, no-deps to avoid omni-sdk)
[setup] =================================================================
Obtaining file:///root/animica/python
  Installing build dependencies: started
  Installing build dependencies: finished with status 'done'
  Checking if build backend supports build_editable: started
  Checking if build backend supports build_editable: finished with status 'done'
  Getting requirements to build editable: started
  Getting requirements to build editable: finished with status 'done'
  Installing backend dependencies: started
  Installing backend dependencies: finished with status 'done'
  Preparing editable metadata (pyproject.toml): started
  Preparing editable metadata (pyproject.toml): finished with status 'done'
Building wheels for collected packages: animica
  Building editable for animica (pyproject.toml): started
  Building editable for animica (pyproject.toml): finished with status 'done'
  Created wheel for animica: filename=animica-0.1.0-py3-none-any.whl size=1720 sha256=2dd13c6cc5cc9f727ae573146d0dd9b69bfd92a18e24ccc98ee39f538b98dcc1
  Stored in directory: /tmp/pip-ephem-wheel-cache-m0q7jg8z/wheels/c2/59/8d/7b899d15b765935b52481f681f3bdf8955280ba61d8cac698e
Successfully built animica
Installing collected packages: animica
  Attempting uninstall: animica
    Found existing installation: animica 0.1.0
    Not uninstalling animica at /root/animica, outside environment /root/animica/.venv
    Can't uninstall 'animica'. No files were found to uninstall.
Successfully installed animica-0.1.0

[setup] =================================================================
[setup] 2025-12-12T23:51:30Z pip check
[setup] =================================================================
animica 0.1.0 requires omni-sdk, which is not installed.
animica 0.1.0 requires pydantic, which is not installed.
[setup] 2025-12-12T23:51:30Z WARN: pip check found issues (some optional deps may be missing)

[setup] =================================================================
[setup] 2025-12-12T23:51:30Z Sanity checks
[setup] =================================================================
python = 3.12.3
requests = 2.32.5
cbor2 = unknown
liboqs-python faulthandler is disabled
/root/animica/.venv/lib/python3.12/site-packages/oqs/__init__.py:1: UserWarning: liboqs version (major, minor) 0.15.0 differs from liboqs-python version 0.14.0
  from oqs.oqs import (
oqs mechs = 221
has Dilithium = False
has ML-DSA = True
animica import OK; version = unknown
[setup] 2025-12-12T23:51:31Z VERIFY_WALLET_CREATE=0; skipping wallet-create verification.

[setup] =================================================================
[setup] 2025-12-12T23:51:31Z Finished
[setup] =================================================================
[setup] 2025-12-12T23:51:31Z Activate venv: source "/root/animica/.venv/bin/activate"
[setup] 2025-12-12T23:51:31Z Done.
