[setup] 2025-12-13T03:15:32Z Root: /root/animica
[setup] 2025-12-13T03:15:32Z Log:  /root/animica/logs/setup_20251213_031532.log
[setup] WARN: Skipping apt-get (ANIMICA_SKIP_APT=1 or offline environment)
Requirement already satisfied: pip in ./.venv/lib/python3.12/site-packages (25.3)
Requirement already satisfied: setuptools in ./.venv/lib/python3.12/site-packages (80.9.0)
Requirement already satisfied: wheel in ./.venv/lib/python3.12/site-packages (0.45.1)
[setup] 2025-12-13T03:15:33Z Wrote /root/animica/.venv/lib/python3.12/site-packages/animica_repo_root.pth -> /root/animica
Obtaining file:///root/animica/python
  Checking if build backend supports build_editable: started
  Checking if build backend supports build_editable: finished with status 'done'
ERROR: Exception:
Traceback (most recent call last):
  File "/root/animica/.venv/lib/python3.12/site-packages/pip/_internal/cli/base_command.py", line 107, in _run_wrapper
    status = _inner_run()
             ^^^^^^^^^^^^
  File "/root/animica/.venv/lib/python3.12/site-packages/pip/_internal/cli/base_command.py", line 98, in _inner_run
    return self.run(options, args)
           ^^^^^^^^^^^^^^^^^^^^^^^
  File "/root/animica/.venv/lib/python3.12/site-packages/pip/_internal/cli/req_command.py", line 85, in wrapper
    return func(self, options, args)
           ^^^^^^^^^^^^^^^^^^^^^^^^^
  File "/root/animica/.venv/lib/python3.12/site-packages/pip/_internal/commands/install.py", line 388, in run
    requirement_set = resolver.resolve(
                      ^^^^^^^^^^^^^^^^^
  File "/root/animica/.venv/lib/python3.12/site-packages/pip/_internal/resolution/resolvelib/resolver.py", line 79, in resolve
    collected = self.factory.collect_root_requirements(root_reqs)
                ^^^^^^^^^^^^^^^^^^^^^^^^^^^^^^^^^^^^^^^^^^^^^^^^^
  File "/root/animica/.venv/lib/python3.12/site-packages/pip/_internal/resolution/resolvelib/factory.py", line 538, in collect_root_requirements
    reqs = list(
           ^^^^^
  File "/root/animica/.venv/lib/python3.12/site-packages/pip/_internal/resolution/resolvelib/factory.py", line 494, in _make_requirements_from_install_req
    cand = self._make_base_candidate_from_link(
           ^^^^^^^^^^^^^^^^^^^^^^^^^^^^^^^^^^^^
  File "/root/animica/.venv/lib/python3.12/site-packages/pip/_internal/resolution/resolvelib/factory.py", line 205, in _make_base_candidate_from_link
    self._editable_candidate_cache[link] = EditableCandidate(
                                           ^^^^^^^^^^^^^^^^^^
  File "/root/animica/.venv/lib/python3.12/site-packages/pip/_internal/resolution/resolvelib/candidates.py", line 343, in __init__
    super().__init__(
  File "/root/animica/.venv/lib/python3.12/site-packages/pip/_internal/resolution/resolvelib/candidates.py", line 161, in __init__
    self.dist = self._prepare()
                ^^^^^^^^^^^^^^^
  File "/root/animica/.venv/lib/python3.12/site-packages/pip/_internal/resolution/resolvelib/candidates.py", line 238, in _prepare
    dist = self._prepare_distribution()
           ^^^^^^^^^^^^^^^^^^^^^^^^^^^^
  File "/root/animica/.venv/lib/python3.12/site-packages/pip/_internal/resolution/resolvelib/candidates.py", line 353, in _prepare_distribution
    return self._factory.preparer.prepare_editable_requirement(self._ireq)
           ^^^^^^^^^^^^^^^^^^^^^^^^^^^^^^^^^^^^^^^^^^^^^^^^^^^^^^^^^^^^^^^
  File "/root/animica/.venv/lib/python3.12/site-packages/pip/_internal/operations/prepare.py", line 714, in prepare_editable_requirement
    dist = _get_prepared_distribution(
           ^^^^^^^^^^^^^^^^^^^^^^^^^^^
  File "/root/animica/.venv/lib/python3.12/site-packages/pip/_internal/operations/prepare.py", line 77, in _get_prepared_distribution
    abstract_dist.prepare_distribution_metadata(
  File "/root/animica/.venv/lib/python3.12/site-packages/pip/_internal/distributions/sdist.py", line 59, in prepare_distribution_metadata
    self.req.editable_sanity_check()
  File "/root/animica/.venv/lib/python3.12/site-packages/pip/_internal/req/req_install.py", line 501, in editable_sanity_check
    if self.editable and not self.supports_pyproject_editable:
                             ^^^^^^^^^^^^^^^^^^^^^^^^^^^^^^^^
  File "/usr/lib/python3.12/functools.py", line 995, in __get__
    val = self.func(instance)
          ^^^^^^^^^^^^^^^^^^^
  File "/root/animica/.venv/lib/python3.12/site-packages/pip/_internal/req/req_install.py", line 237, in supports_pyproject_editable
    return "build_editable" in self.pep517_backend._supported_features()
                               ^^^^^^^^^^^^^^^^^^^^^^^^^^^^^^^^^^^^^^^^^
  File "/root/animica/.venv/lib/python3.12/site-packages/pip/_vendor/pyproject_hooks/_impl.py", line 180, in _supported_features
    return self._call_hook("_supported_features", {})
           ^^^^^^^^^^^^^^^^^^^^^^^^^^^^^^^^^^^^^^^^^^
  File "/root/animica/.venv/lib/python3.12/site-packages/pip/_vendor/pyproject_hooks/_impl.py", line 402, in _call_hook
    raise BackendUnavailable(
pip._vendor.pyproject_hooks._impl.BackendUnavailable: Cannot import 'hatchling.build'
[setup] WARN: pip install failed for: python -m pip --no-build-isolation -e /root/animica/python --no-deps (retrying from cache if available)
Looking in links: /root/.cache/pip
Obtaining file:///root/animica/python
  Checking if build backend supports build_editable: started
  Checking if build backend supports build_editable: finished with status 'done'
ERROR: Exception:
Traceback (most recent call last):
  File "/root/animica/.venv/lib/python3.12/site-packages/pip/_internal/cli/base_command.py", line 107, in _run_wrapper
    status = _inner_run()
             ^^^^^^^^^^^^
  File "/root/animica/.venv/lib/python3.12/site-packages/pip/_internal/cli/base_command.py", line 98, in _inner_run
    return self.run(options, args)
           ^^^^^^^^^^^^^^^^^^^^^^^
  File "/root/animica/.venv/lib/python3.12/site-packages/pip/_internal/cli/req_command.py", line 85, in wrapper
    return func(self, options, args)
           ^^^^^^^^^^^^^^^^^^^^^^^^^
  File "/root/animica/.venv/lib/python3.12/site-packages/pip/_internal/commands/install.py", line 388, in run
    requirement_set = resolver.resolve(
                      ^^^^^^^^^^^^^^^^^
  File "/root/animica/.venv/lib/python3.12/site-packages/pip/_internal/resolution/resolvelib/resolver.py", line 79, in resolve
    collected = self.factory.collect_root_requirements(root_reqs)
                ^^^^^^^^^^^^^^^^^^^^^^^^^^^^^^^^^^^^^^^^^^^^^^^^^
  File "/root/animica/.venv/lib/python3.12/site-packages/pip/_internal/resolution/resolvelib/factory.py", line 538, in collect_root_requirements
    reqs = list(
           ^^^^^
  File "/root/animica/.venv/lib/python3.12/site-packages/pip/_internal/resolution/resolvelib/factory.py", line 494, in _make_requirements_from_install_req
    cand = self._make_base_candidate_from_link(
           ^^^^^^^^^^^^^^^^^^^^^^^^^^^^^^^^^^^^
  File "/root/animica/.venv/lib/python3.12/site-packages/pip/_internal/resolution/resolvelib/factory.py", line 205, in _make_base_candidate_from_link
    self._editable_candidate_cache[link] = EditableCandidate(
                                           ^^^^^^^^^^^^^^^^^^
  File "/root/animica/.venv/lib/python3.12/site-packages/pip/_internal/resolution/resolvelib/candidates.py", line 343, in __init__
    super().__init__(
  File "/root/animica/.venv/lib/python3.12/site-packages/pip/_internal/resolution/resolvelib/candidates.py", line 161, in __init__
    self.dist = self._prepare()
                ^^^^^^^^^^^^^^^
  File "/root/animica/.venv/lib/python3.12/site-packages/pip/_internal/resolution/resolvelib/candidates.py", line 238, in _prepare
    dist = self._prepare_distribution()
           ^^^^^^^^^^^^^^^^^^^^^^^^^^^^
  File "/root/animica/.venv/lib/python3.12/site-packages/pip/_internal/resolution/resolvelib/candidates.py", line 353, in _prepare_distribution
    return self._factory.preparer.prepare_editable_requirement(self._ireq)
           ^^^^^^^^^^^^^^^^^^^^^^^^^^^^^^^^^^^^^^^^^^^^^^^^^^^^^^^^^^^^^^^
  File "/root/animica/.venv/lib/python3.12/site-packages/pip/_internal/operations/prepare.py", line 714, in prepare_editable_requirement
    dist = _get_prepared_distribution(
           ^^^^^^^^^^^^^^^^^^^^^^^^^^^
  File "/root/animica/.venv/lib/python3.12/site-packages/pip/_internal/operations/prepare.py", line 77, in _get_prepared_distribution
    abstract_dist.prepare_distribution_metadata(
  File "/root/animica/.venv/lib/python3.12/site-packages/pip/_internal/distributions/sdist.py", line 59, in prepare_distribution_metadata
    self.req.editable_sanity_check()
  File "/root/animica/.venv/lib/python3.12/site-packages/pip/_internal/req/req_install.py", line 501, in editable_sanity_check
    if self.editable and not self.supports_pyproject_editable:
                             ^^^^^^^^^^^^^^^^^^^^^^^^^^^^^^^^
  File "/usr/lib/python3.12/functools.py", line 995, in __get__
    val = self.func(instance)
          ^^^^^^^^^^^^^^^^^^^
  File "/root/animica/.venv/lib/python3.12/site-packages/pip/_internal/req/req_install.py", line 237, in supports_pyproject_editable
    return "build_editable" in self.pep517_backend._supported_features()
                               ^^^^^^^^^^^^^^^^^^^^^^^^^^^^^^^^^^^^^^^^^
  File "/root/animica/.venv/lib/python3.12/site-packages/pip/_vendor/pyproject_hooks/_impl.py", line 180, in _supported_features
    return self._call_hook("_supported_features", {})
           ^^^^^^^^^^^^^^^^^^^^^^^^^^^^^^^^^^^^^^^^^^
  File "/root/animica/.venv/lib/python3.12/site-packages/pip/_vendor/pyproject_hooks/_impl.py", line 402, in _call_hook
    raise BackendUnavailable(
pip._vendor.pyproject_hooks._impl.BackendUnavailable: Cannot import 'hatchling.build'
[setup] WARN: pip install still failed; proceeding with existing environment
[setup] WARN: Editable install of animica python package skipped
Requirement already satisfied: typer in ./.venv/lib/python3.12/site-packages (0.20.0)
Requirement already satisfied: rich in ./.venv/lib/python3.12/site-packages (14.2.0)
Requirement already satisfied: requests in ./.venv/lib/python3.12/site-packages (2.32.5)
Requirement already satisfied: httpx in ./.venv/lib/python3.12/site-packages (0.28.1)
Requirement already satisfied: pydantic in ./.venv/lib/python3.12/site-packages (2.12.5)
Requirement already satisfied: pyyaml in ./.venv/lib/python3.12/site-packages (6.0.3)
Requirement already satisfied: cbor2 in ./.venv/lib/python3.12/site-packages (5.7.1)
Requirement already satisfied: click>=8.0.0 in ./.venv/lib/python3.12/site-packages (from typer) (8.3.1)
Requirement already satisfied: typing-extensions>=3.7.4.3 in ./.venv/lib/python3.12/site-packages (from typer) (4.15.0)
Requirement already satisfied: shellingham>=1.3.0 in ./.venv/lib/python3.12/site-packages (from typer) (1.5.4)
Requirement already satisfied: markdown-it-py>=2.2.0 in ./.venv/lib/python3.12/site-packages (from rich) (4.0.0)
Requirement already satisfied: pygments<3.0.0,>=2.13.0 in ./.venv/lib/python3.12/site-packages (from rich) (2.19.2)
Requirement already satisfied: charset_normalizer<4,>=2 in ./.venv/lib/python3.12/site-packages (from requests) (3.4.4)
Requirement already satisfied: idna<4,>=2.5 in ./.venv/lib/python3.12/site-packages (from requests) (3.11)
Requirement already satisfied: urllib3<3,>=1.21.1 in ./.venv/lib/python3.12/site-packages (from requests) (2.6.2)
Requirement already satisfied: certifi>=2017.4.17 in ./.venv/lib/python3.12/site-packages (from requests) (2025.11.12)
Requirement already satisfied: anyio in ./.venv/lib/python3.12/site-packages (from httpx) (4.12.0)
Requirement already satisfied: httpcore==1.* in ./.venv/lib/python3.12/site-packages (from httpx) (1.0.9)
Requirement already satisfied: h11>=0.16 in ./.venv/lib/python3.12/site-packages (from httpcore==1.*->httpx) (0.16.0)
Requirement already satisfied: annotated-types>=0.6.0 in ./.venv/lib/python3.12/site-packages (from pydantic) (0.7.0)
Requirement already satisfied: pydantic-core==2.41.5 in ./.venv/lib/python3.12/site-packages (from pydantic) (2.41.5)
Requirement already satisfied: typing-inspection>=0.4.2 in ./.venv/lib/python3.12/site-packages (from pydantic) (0.4.2)
Requirement already satisfied: mdurl~=0.1 in ./.venv/lib/python3.12/site-packages (from markdown-it-py>=2.2.0->rich) (0.1.2)
Obtaining file:///root/animica/pq
  Checking if build backend supports build_editable: started
  Checking if build backend supports build_editable: finished with status 'done'
  Preparing editable metadata (pyproject.toml): started
  Preparing editable metadata (pyproject.toml): finished with status 'done'
Building wheels for collected packages: animica-pq
  Building editable for animica-pq (pyproject.toml): started
  Building editable for animica-pq (pyproject.toml): finished with status 'done'
  Created wheel for animica-pq: filename=animica_pq-0.1.0-0.editable-py3-none-any.whl size=8410 sha256=9bd97d61007e1e9c1b9a14b6cce655bef061611602aefd480a6feb7f04975e2a
  Stored in directory: /tmp/pip-ephem-wheel-cache-bmr6oxfh/wheels/51/34/2a/a7831d3f09dcbab4ce2ba0ad5c93159497a72f0c35c7444d05
Successfully built animica-pq
Installing collected packages: animica-pq
  Attempting uninstall: animica-pq
    Found existing installation: animica-pq 0.1.0
    Uninstalling animica-pq-0.1.0:
      Successfully uninstalled animica-pq-0.1.0
Successfully installed animica-pq-0.1.0
[setup] 2025-12-13T03:15:38Z liboqs tag selected: 0.15.0
[setup] 2025-12-13T03:15:38Z liboqs already present in /root/animica/.deps/oqs-install (skipping build)
[setup] 2025-12-13T03:15:38Z Using liboqs: /root/animica/.deps/oqs-install/lib/liboqs.so (version 0.15.0)
ERROR: Could not find a version that satisfies the requirement liboqs-python==0.15.0 (from versions: 0.14.1)
ERROR: No matching distribution found for liboqs-python==0.15.0
[setup] WARN: pip install failed for: python -m pip -U --no-cache-dir liboqs-python==0.15.0 (retrying from cache if available)
Looking in links: /root/.cache/pip
ERROR: Could not find a version that satisfies the requirement liboqs-python==0.15.0 (from versions: none)
ERROR: No matching distribution found for liboqs-python==0.15.0
[setup] WARN: pip install still failed; proceeding with existing environment
[setup] WARN: pip install liboqs-python==0.15.0 failed; attempting source build
[setup] 2025-12-13T03:15:40Z RUN  git clone --depth 1 https://github.com/open-quantum-safe/liboqs-python.git /root/animica/.deps/liboqs-python
Cloning into '/root/animica/.deps/liboqs-python'...
error: pathspec 'v0.15.0' did not match any file(s) known to git
[setup] ERROR: liboqs-python tag v0.15.0 not found; set LIBOQS_VERSION to an available release
